// Jest Snapshot v1, https://goo.gl/fbAQLP

exports[`Pruebas en EditorLayout debe mostrarse correctamente 1`] = `
<div
  className="makeStyles-root-1"
>
  <header
    className="MuiPaper-root MuiAppBar-root MuiAppBar-positionFixed MuiAppBar-colorPrimary makeStyles-appBar-2 mui-fixed MuiPaper-elevation4"
  >
    <div
      className="MuiToolbar-root MuiToolbar-regular MuiToolbar-gutters"
    >
      <button
        aria-label="open drawer"
        className="MuiButtonBase-root MuiIconButton-root makeStyles-menuButton-7 MuiIconButton-colorInherit MuiIconButton-edgeStart"
        disabled={false}
        onBlur={[Function]}
        onClick={[Function]}
        onDragLeave={[Function]}
        onFocus={[Function]}
        onKeyDown={[Function]}
        onKeyUp={[Function]}
        onMouseDown={[Function]}
        onMouseLeave={[Function]}
        onMouseUp={[Function]}
        onTouchEnd={[Function]}
        onTouchMove={[Function]}
        onTouchStart={[Function]}
        tabIndex={0}
        type="button"
      >
        <span
          className="MuiIconButton-label"
        >
          <svg
            aria-hidden={true}
            className="MuiSvgIcon-root"
            focusable="false"
            viewBox="0 0 24 24"
          >
            <path
              d="M3 18h18v-2H3v2zm0-5h18v-2H3v2zm0-7v2h18V6H3z"
            />
          </svg>
        </span>
        <span
          className="MuiTouchRipple-root"
        />
      </button>
      <h6
        className="MuiTypography-root MuiTypography-h6 MuiTypography-noWrap"
      >
        Testo de prueba
      </h6>
    </div>
  </header>
  <nav>
    <div
      className="PrivateHiddenCss-mdUp-18"
    >
      <Portal
        containerInfo={
          <body>
            <div
              aria-hidden="true"
              class="MuiDrawer-root MuiDrawer-modal"
              role="presentation"
              style="position: fixed; z-index: 1300; right: 0px; bottom: 0px; top: 0px; left: 0px; visibility: hidden;"
            >
              <div
                aria-hidden="true"
                class="MuiBackdrop-root"
                style="opacity: 0; visibility: hidden;"
              />
              <div
                data-test="sentinelStart"
                tabindex="0"
              />
              <div
                class="MuiPaper-root MuiDrawer-paper makeStyles-drawerPaper-4 MuiDrawer-paperAnchorLeft MuiPaper-elevation16"
                style="visibility: hidden; webkit-transform: translateX(-0px); transform: translateX(-0px);"
                tabindex="-1"
              >
                <div
                  class="MuiToolbar-root MuiToolbar-regular MuiToolbar-gutters"
                />
                <div
                  class="makeStyles-drawerContainer-5"
                >
                  <form
                    class="makeStyles-titleForm-10"
                  >
                    <div
                      class="MuiFormControl-root MuiTextField-root MuiFormControl-marginDense MuiFormControl-fullWidth"
                    >
                      <label
                        class="MuiFormLabel-root MuiInputLabel-root MuiInputLabel-formControl MuiInputLabel-animated MuiInputLabel-shrink MuiInputLabel-marginDense MuiFormLabel-filled"
                        data-shrink="true"
                      >
                        Cambiar nombre del documento
                      </label>
                      <div
                        class="MuiInputBase-root MuiInput-root MuiInput-underline MuiInputBase-fullWidth MuiInput-fullWidth MuiInputBase-formControl MuiInput-formControl MuiInputBase-adornedEnd MuiInputBase-marginDense MuiInput-marginDense"
                      >
                        <input
                          aria-invalid="false"
                          class="MuiInputBase-input MuiInput-input MuiInputBase-inputAdornedEnd MuiInputBase-inputMarginDense MuiInput-inputMarginDense"
                          name="title"
                          placeholder="Ingrese un nuevo nombre"
                          type="text"
                          value="Testo de prueba"
                        />
                        <div
                          class="MuiInputAdornment-root MuiInputAdornment-positionEnd MuiInputAdornment-marginDense"
                        >
                          <button
                            class="MuiButtonBase-root MuiIconButton-root"
                            tabindex="0"
                            type="submit"
                          >
                            <span
                              class="MuiIconButton-label"
                            >
                              <svg
                                aria-hidden="true"
                                class="MuiSvgIcon-root MuiSvgIcon-colorPrimary"
                                focusable="false"
                                viewBox="0 0 24 24"
                              >
                                <path
                                  d="M5 5v14h14V7.83L16.17 5H5zm7 13c-1.66 0-3-1.34-3-3s1.34-3 3-3 3 1.34 3 3-1.34 3-3 3zm3-8H6V6h9v4z"
                                  opacity=".3"
                                />
                                <path
                                  d="M17 3H5c-1.11 0-2 .9-2 2v14c0 1.1.89 2 2 2h14c1.1 0 2-.9 2-2V7l-4-4zm2 16H5V5h11.17L19 7.83V19zm-7-7c-1.66 0-3 1.34-3 3s1.34 3 3 3 3-1.34 3-3-1.34-3-3-3zM6 6h9v4H6z"
                                />
                              </svg>
                            </span>
                            <span
                              class="MuiTouchRipple-root"
                            />
                          </button>
                        </div>
                      </div>
                    </div>
                  </form>
                  <ul
                    class="MuiList-root makeStyles-drawerMenu-6 MuiList-padding"
                  >
                    <li
                      class="MuiListSubheader-root MuiListSubheader-sticky MuiListSubheader-gutters"
                    >
                      Campos del Documento
                    </li>
                    <div
                      aria-disabled="false"
                      class="MuiButtonBase-root MuiListItem-root id-field-text MuiListItem-gutters MuiListItem-button"
                      role="button"
                      tabindex="0"
                    >
                      <div
                        class="MuiListItemIcon-root"
                      >
                        <svg
                          aria-hidden="true"
                          class="MuiSvgIcon-root MuiSvgIcon-colorPrimary"
                          focusable="false"
                          viewBox="0 0 24 24"
                        >
                          <path
                            d="M12.5 12h3v7h3v-7h3V9h-9zm3-8h-13v3h5v12h3V7h5z"
                          />
                        </svg>
                      </div>
                      <div
                        class="MuiListItemText-root"
                      >
                        <span
                          class="MuiTypography-root MuiListItemText-primary MuiTypography-body1 MuiTypography-displayBlock"
                        >
                          Campo de Texto
                        </span>
                      </div>
                      <span
                        class="MuiTouchRipple-root"
                      />
                    </div>
                    <div
                      aria-disabled="false"
                      class="MuiButtonBase-root MuiListItem-root MuiListItem-gutters MuiListItem-button"
                      role="button"
                      tabindex="0"
                    >
                      <div
                        class="MuiListItemIcon-root"
                      >
                        <svg
                          aria-hidden="true"
                          class="MuiSvgIcon-root MuiSvgIcon-colorPrimary"
                          focusable="false"
                          viewBox="0 0 24 24"
                        >
                          <path
                            d="M19 13H5v-2h14v2z"
                          />
                        </svg>
                      </div>
                      <div
                        class="MuiListItemText-root"
                      >
                        <span
                          class="MuiTypography-root MuiListItemText-primary MuiTypography-body1 MuiTypography-displayBlock"
                        >
                          Divisor
                        </span>
                      </div>
                      <span
                        class="MuiTouchRipple-root"
                      />
                    </div>
                    <div
                      aria-disabled="false"
                      class="MuiButtonBase-root MuiListItem-root MuiListItem-gutters MuiListItem-button"
                      role="button"
                      tabindex="0"
                    >
                      <div
                        class="MuiListItemIcon-root"
                      >
                        <svg
                          aria-hidden="true"
                          class="MuiSvgIcon-root MuiSvgIcon-colorPrimary"
                          focusable="false"
                          viewBox="0 0 24 24"
                        >
                          <path
                            d="M10 10.02h5V21h-5zM17 21h3c1.1 0 2-.9 2-2v-9h-5v11zm3-18H5c-1.1 0-2 .9-2 2v3h19V5c0-1.1-.9-2-2-2zM3 19c0 1.1.9 2 2 2h3V10H3v9z"
                          />
                        </svg>
                      </div>
                      <div
                        class="MuiListItemText-root"
                      >
                        <span
                          class="MuiTypography-root MuiListItemText-primary MuiTypography-body1 MuiTypography-displayBlock"
                        >
                          Tabla
                        </span>
                      </div>
                      <span
                        class="MuiTouchRipple-root"
                      />
                    </div>
                    <div
                      aria-disabled="false"
                      class="MuiButtonBase-root MuiListItem-root MuiListItem-gutters MuiListItem-button"
                      role="button"
                      tabindex="0"
                    >
                      <div
                        class="MuiListItemIcon-root"
                      >
                        <svg
                          aria-hidden="true"
                          class="MuiSvgIcon-root MuiSvgIcon-colorPrimary"
                          focusable="false"
                          viewBox="0 0 24 24"
                        >
                          <path
                            d="M5 19h14V5H5v14zm6-12h6v2h-6V7zm0 4h6v2h-6v-2zm0 4h6v2h-6v-2zM7 7h2v2H7V7zm0 4h2v2H7v-2zm0 4h2v2H7v-2z"
                            opacity=".3"
                          />
                          <path
                            d="M11 7h6v2h-6zm0 4h6v2h-6zm0 4h6v2h-6zM7 7h2v2H7zm0 4h2v2H7zm0 4h2v2H7zM20.1 3H3.9c-.5 0-.9.4-.9.9v16.2c0 .4.4.9.9.9h16.2c.4 0 .9-.5.9-.9V3.9c0-.5-.5-.9-.9-.9zM19 19H5V5h14v14z"
                          />
                        </svg>
                      </div>
                      <div
                        class="MuiListItemText-root"
                      >
                        <span
                          class="MuiTypography-root MuiListItemText-primary MuiTypography-body1 MuiTypography-displayBlock"
                        >
                          Lista
                        </span>
                      </div>
                      <span
                        class="MuiTouchRipple-root"
                      />
                    </div>
                    <div
                      aria-disabled="false"
                      class="MuiButtonBase-root MuiListItem-root MuiListItem-gutters MuiListItem-button"
                      role="button"
                      tabindex="0"
                    >
                      <div
                        class="MuiListItemIcon-root"
                      >
                        <svg
                          aria-hidden="true"
                          class="MuiSvgIcon-root MuiSvgIcon-colorPrimary"
                          focusable="false"
                          viewBox="0 0 24 24"
                        >
                          <path
                            d="M5 19h14V5H5v14zm4-5.86l2.14 2.58 3-3.87L18 17H6l3-3.86z"
                            opacity=".3"
                          />
                          <path
                            d="M19 3H5c-1.1 0-2 .9-2 2v14c0 1.1.9 2 2 2h14c1.1 0 2-.9 2-2V5c0-1.1-.9-2-2-2zm0 16H5V5h14v14zm-4.86-7.14l-3 3.86L9 13.14 6 17h12z"
                          />
                        </svg>
                      </div>
                      <div
                        class="MuiListItemText-root"
                      >
                        <span
                          class="MuiTypography-root MuiListItemText-primary MuiTypography-body1 MuiTypography-displayBlock"
                        >
                          Imagen
                        </span>
                      </div>
                      <span
                        class="MuiTouchRipple-root"
                      />
                    </div>
                    <div
                      aria-disabled="false"
                      class="MuiButtonBase-root MuiListItem-root MuiListItem-gutters MuiListItem-button"
                      role="button"
                      tabindex="0"
                    >
                      <div
                        class="MuiListItemIcon-root"
                      >
                        <svg
                          aria-hidden="true"
                          class="MuiSvgIcon-root MuiSvgIcon-colorPrimary"
                          focusable="false"
                          viewBox="0 0 24 24"
                        >
                          <path
                            d="M11 13h9v4h-9zm-6 0h4v4H5zm0-6h15v4H5z"
                            opacity=".3"
                          />
                          <path
                            d="M3 5v14h19V5H3zm6 12H5v-4h4v4zm11 0h-9v-4h9v4zm0-6H5V7h15v4z"
                          />
                        </svg>
                      </div>
                      <div
                        class="MuiListItemText-root"
                      >
                        <span
                          class="MuiTypography-root MuiListItemText-primary MuiTypography-body1 MuiTypography-displayBlock"
                        >
                          Sección
                        </span>
                      </div>
                      <span
                        class="MuiTouchRipple-root"
                      />
                    </div>
                    <div
                      aria-disabled="false"
                      class="MuiButtonBase-root MuiListItem-root MuiListItem-gutters MuiListItem-button"
                      role="button"
                      tabindex="0"
                    >
                      <div
                        class="MuiListItemIcon-root"
                      >
                        <svg
                          aria-hidden="true"
                          class="MuiSvgIcon-root MuiSvgIcon-colorPrimary"
                          focusable="false"
                          viewBox="0 0 24 24"
                        >
                          <path
                            d="M19 5H5v14h14V5zM9 17H7v-7h2v7zm4 0h-2V7h2v10zm4 0h-2v-4h2v4z"
                            opacity=".3"
                          />
                          <path
                            d="M3 5v14c0 1.1.9 2 2 2h14c1.1 0 2-.9 2-2V5c0-1.1-.9-2-2-2H5c-1.1 0-2 .9-2 2zm2 0h14v14H5V5zm2 5h2v7H7zm4-3h2v10h-2zm4 6h2v4h-2z"
                          />
                        </svg>
                      </div>
                      <div
                        class="MuiListItemText-root"
                      >
                        <span
                          class="MuiTypography-root MuiListItemText-primary MuiTypography-body1 MuiTypography-displayBlock"
                        >
                          Gráfico
                        </span>
                      </div>
                      <span
                        class="MuiTouchRipple-root"
                      />
                    </div>
                    <div
                      aria-disabled="false"
                      class="MuiButtonBase-root MuiListItem-root MuiListItem-gutters MuiListItem-button"
                      role="button"
                      tabindex="0"
                    >
                      <div
                        class="MuiListItemIcon-root"
                      >
                        <svg
                          aria-hidden="true"
                          class="MuiSvgIcon-root MuiSvgIcon-colorPrimary"
                          focusable="false"
                          viewBox="0 0 24 24"
                        >
                          <path
                            d="M3.9 12c0-1.71 1.39-3.1 3.1-3.1h4V7H7c-2.76 0-5 2.24-5 5s2.24 5 5 5h4v-1.9H7c-1.71 0-3.1-1.39-3.1-3.1zM8 13h8v-2H8v2zm9-6h-4v1.9h4c1.71 0 3.1 1.39 3.1 3.1s-1.39 3.1-3.1 3.1h-4V17h4c2.76 0 5-2.24 5-5s-2.24-5-5-5z"
                          />
                        </svg>
                      </div>
                      <div
                        class="MuiListItemText-root"
                      >
                        <span
                          class="MuiTypography-root MuiListItemText-primary MuiTypography-body1 MuiTypography-displayBlock"
                        >
                          Referencia
                        </span>
                      </div>
                      <span
                        class="MuiTouchRipple-root"
                      />
                    </div>
                    <div
                      aria-disabled="false"
                      class="MuiButtonBase-root MuiListItem-root MuiListItem-gutters MuiListItem-button"
                      role="button"
                      tabindex="0"
                    >
                      <div
                        class="MuiListItemIcon-root"
                      >
                        <svg
                          aria-hidden="true"
                          class="MuiSvgIcon-root MuiSvgIcon-colorPrimary"
                          focusable="false"
                          viewBox="0 0 24 24"
                        >
                          <path
                            d="M11 13h9v4h-9zm-6 0h4v4H5zm0-6h15v4H5z"
                            opacity=".3"
                          />
                          <path
                            d="M3 5v14h19V5H3zm6 12H5v-4h4v4zm11 0h-9v-4h9v4zm0-6H5V7h15v4z"
                          />
                        </svg>
                      </div>
                      <div
                        class="MuiListItemText-root"
                      >
                        <span
                          class="MuiTypography-root MuiListItemText-primary MuiTypography-body1 MuiTypography-displayBlock"
                        >
                          Carta
                        </span>
                      </div>
                      <span
                        class="MuiTouchRipple-root"
                      />
                    </div>
                  </ul>
                  <hr
                    class="MuiDivider-root"
                  />
                  <ul
                    class="MuiList-root MuiList-padding"
                  >
                    <li
                      class="MuiListSubheader-root MuiListSubheader-sticky MuiListSubheader-gutters"
                    >
                      Opciones
                    </li>
                    <div
                      aria-disabled="false"
                      class="MuiButtonBase-root MuiListItem-root componente-onsave MuiListItem-gutters MuiListItem-button"
                      role="button"
                      tabindex="0"
                    >
                      <div
                        class="MuiListItemIcon-root"
                      >
                        <svg
                          aria-hidden="true"
                          class="MuiSvgIcon-root MuiSvgIcon-colorPrimary"
                          focusable="false"
                          viewBox="0 0 24 24"
                        >
                          <path
                            d="M5 5v14h14V7.83L16.17 5H5zm7 13c-1.66 0-3-1.34-3-3s1.34-3 3-3 3 1.34 3 3-1.34 3-3 3zm3-8H6V6h9v4z"
                            opacity=".3"
                          />
                          <path
                            d="M17 3H5c-1.11 0-2 .9-2 2v14c0 1.1.89 2 2 2h14c1.1 0 2-.9 2-2V7l-4-4zm2 16H5V5h11.17L19 7.83V19zm-7-7c-1.66 0-3 1.34-3 3s1.34 3 3 3 3-1.34 3-3-1.34-3-3-3zM6 6h9v4H6z"
                          />
                        </svg>
                      </div>
                      <div
                        class="MuiListItemText-root"
                      >
                        <span
                          class="MuiTypography-root MuiListItemText-primary MuiTypography-body1 MuiTypography-displayBlock"
                        >
                          Guardar
                        </span>
                      </div>
                      <span
                        class="MuiTouchRipple-root"
                      />
                    </div>
                    <div
                      aria-disabled="false"
                      class="MuiButtonBase-root MuiListItem-root MuiListItem-gutters MuiListItem-button"
                      role="button"
                      tabindex="0"
                    >
                      <div
                        class="MuiListItemIcon-root"
                      >
                        <svg
                          aria-hidden="true"
                          class="MuiSvgIcon-root MuiSvgIcon-colorPrimary"
                          focusable="false"
                          viewBox="0 0 24 24"
                        >
                          <path
                            d="M10.09 15.59L11.5 17l5-5-5-5-1.41 1.41L12.67 11H3v2h9.67l-2.58 2.59zM19 3H5c-1.11 0-2 .9-2 2v4h2V5h14v14H5v-4H3v4c0 1.1.89 2 2 2h14c1.1 0 2-.9 2-2V5c0-1.1-.9-2-2-2z"
                          />
                        </svg>
                      </div>
                      <div
                        class="MuiListItemText-root"
                      >
                        <span
                          class="MuiTypography-root MuiListItemText-primary MuiTypography-body1 MuiTypography-displayBlock"
                        >
                          Salir
                        </span>
                      </div>
                      <span
                        class="MuiTouchRipple-root"
                      />
                    </div>
                  </ul>
                </div>
              </div>
              <div
                data-test="sentinelEnd"
                tabindex="0"
              />
            </div>
          </body>
        }
      >
        <div
          className="MuiDrawer-root MuiDrawer-modal"
          onKeyDown={[Function]}
          role="presentation"
          style={
            Object {
              "bottom": 0,
              "left": 0,
              "position": "fixed",
              "right": 0,
              "top": 0,
              "visibility": "hidden",
              "zIndex": 1300,
            }
          }
        >
          <div
            aria-hidden={true}
            className="MuiBackdrop-root"
            onClick={[Function]}
            style={
              Object {
                "opacity": 0,
                "visibility": "hidden",
              }
            }
          />
          Array [
            <div
              data-test="sentinelStart"
              tabIndex={0}
            />,
            <div
              className="MuiPaper-root MuiDrawer-paper makeStyles-drawerPaper-4 MuiDrawer-paperAnchorLeft MuiPaper-elevation16"
              style={
                Object {
                  "visibility": "hidden",
                }
              }
              tabIndex="-1"
            >
              <div
                className="MuiToolbar-root MuiToolbar-regular MuiToolbar-gutters"
              />
              <div
                className="makeStyles-drawerContainer-5"
              >
                <form
                  className="makeStyles-titleForm-10"
                  onSubmit={[Function]}
                >
                  <div
                    className="MuiFormControl-root MuiTextField-root MuiFormControl-marginDense MuiFormControl-fullWidth"
                  >
                    <label
                      className="MuiFormLabel-root MuiInputLabel-root MuiInputLabel-formControl MuiInputLabel-animated MuiInputLabel-shrink MuiInputLabel-marginDense MuiFormLabel-filled"
                      data-shrink={true}
                    >
                      Cambiar nombre del documento
                    </label>
                    <div
                      className="MuiInputBase-root MuiInput-root MuiInput-underline MuiInputBase-fullWidth MuiInput-fullWidth MuiInputBase-formControl MuiInput-formControl MuiInputBase-adornedEnd MuiInputBase-marginDense MuiInput-marginDense"
                      onClick={[Function]}
                    >
                      <input
                        aria-invalid={false}
                        autoFocus={false}
                        className="MuiInputBase-input MuiInput-input MuiInputBase-inputAdornedEnd MuiInputBase-inputMarginDense MuiInput-inputMarginDense"
                        disabled={false}
                        name="title"
                        onAnimationStart={[Function]}
                        onBlur={[Function]}
                        onChange={[Function]}
                        onFocus={[Function]}
                        placeholder="Ingrese un nuevo nombre"
                        required={false}
                        type="text"
                        value="Testo de prueba"
                      />
                      <div
                        className="MuiInputAdornment-root MuiInputAdornment-positionEnd MuiInputAdornment-marginDense"
                      >
                        <button
                          className="MuiButtonBase-root MuiIconButton-root"
                          disabled={false}
                          onBlur={[Function]}
                          onDragLeave={[Function]}
                          onFocus={[Function]}
                          onKeyDown={[Function]}
                          onKeyUp={[Function]}
                          onMouseDown={[Function]}
                          onMouseLeave={[Function]}
                          onMouseUp={[Function]}
                          onTouchEnd={[Function]}
                          onTouchMove={[Function]}
                          onTouchStart={[Function]}
                          tabIndex={0}
                          type="submit"
                        >
                          <span
                            className="MuiIconButton-label"
                          >
                            <svg
                              aria-hidden={true}
                              className="MuiSvgIcon-root MuiSvgIcon-colorPrimary"
                              focusable="false"
                              viewBox="0 0 24 24"
                            >
                              <path
                                d="M5 5v14h14V7.83L16.17 5H5zm7 13c-1.66 0-3-1.34-3-3s1.34-3 3-3 3 1.34 3 3-1.34 3-3 3zm3-8H6V6h9v4z"
                                opacity=".3"
                              />
                              <path
                                d="M17 3H5c-1.11 0-2 .9-2 2v14c0 1.1.89 2 2 2h14c1.1 0 2-.9 2-2V7l-4-4zm2 16H5V5h11.17L19 7.83V19zm-7-7c-1.66 0-3 1.34-3 3s1.34 3 3 3 3-1.34 3-3-1.34-3-3-3zM6 6h9v4H6z"
                              />
                            </svg>
                          </span>
                          <span
                            className="MuiTouchRipple-root"
                          />
                        </button>
                      </div>
                    </div>
                  </div>
                </form>
                <ul
                  className="MuiList-root makeStyles-drawerMenu-6 MuiList-padding"
                >
                  <li
                    className="MuiListSubheader-root MuiListSubheader-sticky MuiListSubheader-gutters"
                  >
                    Campos del Documento
                  </li>
                  <div
                    aria-disabled={false}
                    className="MuiButtonBase-root MuiListItem-root id-field-text MuiListItem-gutters MuiListItem-button"
                    onBlur={[Function]}
                    onClick={[Function]}
                    onDragLeave={[Function]}
                    onFocus={[Function]}
                    onKeyDown={[Function]}
                    onKeyUp={[Function]}
                    onMouseDown={[Function]}
                    onMouseLeave={[Function]}
                    onMouseUp={[Function]}
                    onTouchEnd={[Function]}
                    onTouchMove={[Function]}
                    onTouchStart={[Function]}
                    role="button"
                    tabIndex={0}
                  >
                    <div
                      className="MuiListItemIcon-root"
                    >
                      <svg
                        aria-hidden={true}
                        className="MuiSvgIcon-root MuiSvgIcon-colorPrimary"
                        focusable="false"
                        viewBox="0 0 24 24"
                      >
                        <path
                          d="M12.5 12h3v7h3v-7h3V9h-9zm3-8h-13v3h5v12h3V7h5z"
                        />
                      </svg>
                    </div>
                    <div
                      className="MuiListItemText-root"
                    >
                      <span
                        className="MuiTypography-root MuiListItemText-primary MuiTypography-body1 MuiTypography-displayBlock"
                      >
                        Campo de Texto
                      </span>
                    </div>
                    <span
                      className="MuiTouchRipple-root"
                    />
                  </div>
                  <div
                    aria-disabled={false}
                    className="MuiButtonBase-root MuiListItem-root MuiListItem-gutters MuiListItem-button"
                    onBlur={[Function]}
                    onClick={[Function]}
                    onDragLeave={[Function]}
                    onFocus={[Function]}
                    onKeyDown={[Function]}
                    onKeyUp={[Function]}
                    onMouseDown={[Function]}
                    onMouseLeave={[Function]}
                    onMouseUp={[Function]}
                    onTouchEnd={[Function]}
                    onTouchMove={[Function]}
                    onTouchStart={[Function]}
                    role="button"
                    tabIndex={0}
                  >
                    <div
                      className="MuiListItemIcon-root"
                    >
                      <svg
                        aria-hidden={true}
                        className="MuiSvgIcon-root MuiSvgIcon-colorPrimary"
                        focusable="false"
                        viewBox="0 0 24 24"
                      >
                        <path
                          d="M19 13H5v-2h14v2z"
                        />
                      </svg>
                    </div>
                    <div
                      className="MuiListItemText-root"
                    >
                      <span
                        className="MuiTypography-root MuiListItemText-primary MuiTypography-body1 MuiTypography-displayBlock"
                      >
                        Divisor
                      </span>
                    </div>
                    <span
                      className="MuiTouchRipple-root"
                    />
                  </div>
                  <div
                    aria-disabled={false}
                    className="MuiButtonBase-root MuiListItem-root MuiListItem-gutters MuiListItem-button"
                    onBlur={[Function]}
                    onClick={[Function]}
                    onDragLeave={[Function]}
                    onFocus={[Function]}
                    onKeyDown={[Function]}
                    onKeyUp={[Function]}
                    onMouseDown={[Function]}
                    onMouseLeave={[Function]}
                    onMouseUp={[Function]}
                    onTouchEnd={[Function]}
                    onTouchMove={[Function]}
                    onTouchStart={[Function]}
                    role="button"
                    tabIndex={0}
                  >
                    <div
                      className="MuiListItemIcon-root"
                    >
                      <svg
                        aria-hidden={true}
                        className="MuiSvgIcon-root MuiSvgIcon-colorPrimary"
                        focusable="false"
                        viewBox="0 0 24 24"
                      >
                        <path
                          d="M10 10.02h5V21h-5zM17 21h3c1.1 0 2-.9 2-2v-9h-5v11zm3-18H5c-1.1 0-2 .9-2 2v3h19V5c0-1.1-.9-2-2-2zM3 19c0 1.1.9 2 2 2h3V10H3v9z"
                        />
                      </svg>
                    </div>
                    <div
                      className="MuiListItemText-root"
                    >
                      <span
                        className="MuiTypography-root MuiListItemText-primary MuiTypography-body1 MuiTypography-displayBlock"
                      >
                        Tabla
                      </span>
                    </div>
                    <span
                      className="MuiTouchRipple-root"
                    />
                  </div>
                  <div
                    aria-disabled={false}
                    className="MuiButtonBase-root MuiListItem-root MuiListItem-gutters MuiListItem-button"
                    onBlur={[Function]}
                    onClick={[Function]}
                    onDragLeave={[Function]}
                    onFocus={[Function]}
                    onKeyDown={[Function]}
                    onKeyUp={[Function]}
                    onMouseDown={[Function]}
                    onMouseLeave={[Function]}
                    onMouseUp={[Function]}
                    onTouchEnd={[Function]}
                    onTouchMove={[Function]}
                    onTouchStart={[Function]}
                    role="button"
                    tabIndex={0}
                  >
                    <div
                      className="MuiListItemIcon-root"
                    >
                      <svg
                        aria-hidden={true}
                        className="MuiSvgIcon-root MuiSvgIcon-colorPrimary"
                        focusable="false"
                        viewBox="0 0 24 24"
                      >
                        <path
                          d="M5 19h14V5H5v14zm6-12h6v2h-6V7zm0 4h6v2h-6v-2zm0 4h6v2h-6v-2zM7 7h2v2H7V7zm0 4h2v2H7v-2zm0 4h2v2H7v-2z"
                          opacity=".3"
                        />
                        <path
                          d="M11 7h6v2h-6zm0 4h6v2h-6zm0 4h6v2h-6zM7 7h2v2H7zm0 4h2v2H7zm0 4h2v2H7zM20.1 3H3.9c-.5 0-.9.4-.9.9v16.2c0 .4.4.9.9.9h16.2c.4 0 .9-.5.9-.9V3.9c0-.5-.5-.9-.9-.9zM19 19H5V5h14v14z"
                        />
                      </svg>
                    </div>
                    <div
                      className="MuiListItemText-root"
                    >
                      <span
                        className="MuiTypography-root MuiListItemText-primary MuiTypography-body1 MuiTypography-displayBlock"
                      >
                        Lista
                      </span>
                    </div>
                    <span
                      className="MuiTouchRipple-root"
                    />
                  </div>
                  <div
                    aria-disabled={false}
                    className="MuiButtonBase-root MuiListItem-root MuiListItem-gutters MuiListItem-button"
                    onBlur={[Function]}
                    onClick={[Function]}
                    onDragLeave={[Function]}
                    onFocus={[Function]}
                    onKeyDown={[Function]}
                    onKeyUp={[Function]}
                    onMouseDown={[Function]}
                    onMouseLeave={[Function]}
                    onMouseUp={[Function]}
                    onTouchEnd={[Function]}
                    onTouchMove={[Function]}
                    onTouchStart={[Function]}
                    role="button"
                    tabIndex={0}
                  >
                    <div
                      className="MuiListItemIcon-root"
                    >
                      <svg
                        aria-hidden={true}
                        className="MuiSvgIcon-root MuiSvgIcon-colorPrimary"
                        focusable="false"
                        viewBox="0 0 24 24"
                      >
                        <path
                          d="M5 19h14V5H5v14zm4-5.86l2.14 2.58 3-3.87L18 17H6l3-3.86z"
                          opacity=".3"
                        />
                        <path
                          d="M19 3H5c-1.1 0-2 .9-2 2v14c0 1.1.9 2 2 2h14c1.1 0 2-.9 2-2V5c0-1.1-.9-2-2-2zm0 16H5V5h14v14zm-4.86-7.14l-3 3.86L9 13.14 6 17h12z"
                        />
                      </svg>
                    </div>
                    <div
                      className="MuiListItemText-root"
                    >
                      <span
                        className="MuiTypography-root MuiListItemText-primary MuiTypography-body1 MuiTypography-displayBlock"
                      >
                        Imagen
                      </span>
                    </div>
                    <span
                      className="MuiTouchRipple-root"
                    />
                  </div>
                  <div
                    aria-disabled={false}
                    className="MuiButtonBase-root MuiListItem-root MuiListItem-gutters MuiListItem-button"
                    onBlur={[Function]}
                    onClick={[Function]}
                    onDragLeave={[Function]}
                    onFocus={[Function]}
                    onKeyDown={[Function]}
                    onKeyUp={[Function]}
                    onMouseDown={[Function]}
                    onMouseLeave={[Function]}
                    onMouseUp={[Function]}
                    onTouchEnd={[Function]}
                    onTouchMove={[Function]}
                    onTouchStart={[Function]}
                    role="button"
                    tabIndex={0}
                  >
                    <div
                      className="MuiListItemIcon-root"
                    >
                      <svg
                        aria-hidden={true}
                        className="MuiSvgIcon-root MuiSvgIcon-colorPrimary"
                        focusable="false"
                        viewBox="0 0 24 24"
                      >
                        <path
                          d="M11 13h9v4h-9zm-6 0h4v4H5zm0-6h15v4H5z"
                          opacity=".3"
                        />
                        <path
                          d="M3 5v14h19V5H3zm6 12H5v-4h4v4zm11 0h-9v-4h9v4zm0-6H5V7h15v4z"
                        />
                      </svg>
                    </div>
                    <div
                      className="MuiListItemText-root"
                    >
                      <span
                        className="MuiTypography-root MuiListItemText-primary MuiTypography-body1 MuiTypography-displayBlock"
                      >
                        Sección
                      </span>
                    </div>
                    <span
                      className="MuiTouchRipple-root"
                    />
                  </div>
                  <div
                    aria-disabled={false}
                    className="MuiButtonBase-root MuiListItem-root MuiListItem-gutters MuiListItem-button"
                    onBlur={[Function]}
                    onClick={[Function]}
                    onDragLeave={[Function]}
                    onFocus={[Function]}
                    onKeyDown={[Function]}
                    onKeyUp={[Function]}
                    onMouseDown={[Function]}
                    onMouseLeave={[Function]}
                    onMouseUp={[Function]}
                    onTouchEnd={[Function]}
                    onTouchMove={[Function]}
                    onTouchStart={[Function]}
                    role="button"
                    tabIndex={0}
                  >
                    <div
                      className="MuiListItemIcon-root"
                    >
                      <svg
                        aria-hidden={true}
                        className="MuiSvgIcon-root MuiSvgIcon-colorPrimary"
                        focusable="false"
                        viewBox="0 0 24 24"
                      >
                        <path
                          d="M19 5H5v14h14V5zM9 17H7v-7h2v7zm4 0h-2V7h2v10zm4 0h-2v-4h2v4z"
                          opacity=".3"
                        />
                        <path
                          d="M3 5v14c0 1.1.9 2 2 2h14c1.1 0 2-.9 2-2V5c0-1.1-.9-2-2-2H5c-1.1 0-2 .9-2 2zm2 0h14v14H5V5zm2 5h2v7H7zm4-3h2v10h-2zm4 6h2v4h-2z"
                        />
                      </svg>
                    </div>
                    <div
                      className="MuiListItemText-root"
                    >
                      <span
                        className="MuiTypography-root MuiListItemText-primary MuiTypography-body1 MuiTypography-displayBlock"
                      >
                        Gráfico
                      </span>
                    </div>
                    <span
                      className="MuiTouchRipple-root"
                    />
                  </div>
                  <div
                    aria-disabled={false}
                    className="MuiButtonBase-root MuiListItem-root MuiListItem-gutters MuiListItem-button"
                    onBlur={[Function]}
                    onClick={[Function]}
                    onDragLeave={[Function]}
                    onFocus={[Function]}
                    onKeyDown={[Function]}
                    onKeyUp={[Function]}
                    onMouseDown={[Function]}
                    onMouseLeave={[Function]}
                    onMouseUp={[Function]}
                    onTouchEnd={[Function]}
                    onTouchMove={[Function]}
                    onTouchStart={[Function]}
                    role="button"
                    tabIndex={0}
                  >
                    <div
                      className="MuiListItemIcon-root"
                    >
                      <svg
                        aria-hidden={true}
                        className="MuiSvgIcon-root MuiSvgIcon-colorPrimary"
                        focusable="false"
                        viewBox="0 0 24 24"
                      >
                        <path
                          d="M3.9 12c0-1.71 1.39-3.1 3.1-3.1h4V7H7c-2.76 0-5 2.24-5 5s2.24 5 5 5h4v-1.9H7c-1.71 0-3.1-1.39-3.1-3.1zM8 13h8v-2H8v2zm9-6h-4v1.9h4c1.71 0 3.1 1.39 3.1 3.1s-1.39 3.1-3.1 3.1h-4V17h4c2.76 0 5-2.24 5-5s-2.24-5-5-5z"
                        />
                      </svg>
                    </div>
                    <div
                      className="MuiListItemText-root"
                    >
                      <span
                        className="MuiTypography-root MuiListItemText-primary MuiTypography-body1 MuiTypography-displayBlock"
                      >
                        Referencia
                      </span>
                    </div>
                    <span
                      className="MuiTouchRipple-root"
                    />
                  </div>
                  <div
                    aria-disabled={false}
                    className="MuiButtonBase-root MuiListItem-root MuiListItem-gutters MuiListItem-button"
                    onBlur={[Function]}
                    onClick={[Function]}
                    onDragLeave={[Function]}
                    onFocus={[Function]}
                    onKeyDown={[Function]}
                    onKeyUp={[Function]}
                    onMouseDown={[Function]}
                    onMouseLeave={[Function]}
                    onMouseUp={[Function]}
                    onTouchEnd={[Function]}
                    onTouchMove={[Function]}
                    onTouchStart={[Function]}
                    role="button"
                    tabIndex={0}
                  >
                    <div
                      className="MuiListItemIcon-root"
                    >
                      <svg
                        aria-hidden={true}
                        className="MuiSvgIcon-root MuiSvgIcon-colorPrimary"
                        focusable="false"
                        viewBox="0 0 24 24"
                      >
                        <path
                          d="M11 13h9v4h-9zm-6 0h4v4H5zm0-6h15v4H5z"
                          opacity=".3"
                        />
                        <path
                          d="M3 5v14h19V5H3zm6 12H5v-4h4v4zm11 0h-9v-4h9v4zm0-6H5V7h15v4z"
                        />
                      </svg>
                    </div>
                    <div
                      className="MuiListItemText-root"
                    >
                      <span
                        className="MuiTypography-root MuiListItemText-primary MuiTypography-body1 MuiTypography-displayBlock"
                      >
                        Carta
                      </span>
                    </div>
                    <span
                      className="MuiTouchRipple-root"
                    />
                  </div>
                </ul>
                <hr
                  className="MuiDivider-root"
                />
                <ul
                  className="MuiList-root MuiList-padding"
                >
                  <li
                    className="MuiListSubheader-root MuiListSubheader-sticky MuiListSubheader-gutters"
                  >
                    Opciones
                  </li>
                  <div
                    aria-disabled={false}
                    className="MuiButtonBase-root MuiListItem-root componente-onsave MuiListItem-gutters MuiListItem-button"
                    onBlur={[Function]}
                    onClick={[MockFunction]}
                    onDragLeave={[Function]}
                    onFocus={[Function]}
                    onKeyDown={[Function]}
                    onKeyUp={[Function]}
                    onMouseDown={[Function]}
                    onMouseLeave={[Function]}
                    onMouseUp={[Function]}
                    onTouchEnd={[Function]}
                    onTouchMove={[Function]}
                    onTouchStart={[Function]}
                    role="button"
                    tabIndex={0}
                  >
                    <div
                      className="MuiListItemIcon-root"
                    >
                      <svg
                        aria-hidden={true}
                        className="MuiSvgIcon-root MuiSvgIcon-colorPrimary"
                        focusable="false"
                        viewBox="0 0 24 24"
                      >
                        <path
                          d="M5 5v14h14V7.83L16.17 5H5zm7 13c-1.66 0-3-1.34-3-3s1.34-3 3-3 3 1.34 3 3-1.34 3-3 3zm3-8H6V6h9v4z"
                          opacity=".3"
                        />
                        <path
                          d="M17 3H5c-1.11 0-2 .9-2 2v14c0 1.1.89 2 2 2h14c1.1 0 2-.9 2-2V7l-4-4zm2 16H5V5h11.17L19 7.83V19zm-7-7c-1.66 0-3 1.34-3 3s1.34 3 3 3 3-1.34 3-3-1.34-3-3-3zM6 6h9v4H6z"
                        />
                      </svg>
                    </div>
                    <div
                      className="MuiListItemText-root"
                    >
                      <span
                        className="MuiTypography-root MuiListItemText-primary MuiTypography-body1 MuiTypography-displayBlock"
                      >
                        Guardar
                      </span>
                    </div>
                    <span
                      className="MuiTouchRipple-root"
                    />
                  </div>
                  <div
                    aria-disabled={false}
                    className="MuiButtonBase-root MuiListItem-root MuiListItem-gutters MuiListItem-button"
                    onBlur={[Function]}
                    onClick={[Function]}
                    onDragLeave={[Function]}
                    onFocus={[Function]}
                    onKeyDown={[Function]}
                    onKeyUp={[Function]}
                    onMouseDown={[Function]}
                    onMouseLeave={[Function]}
                    onMouseUp={[Function]}
                    onTouchEnd={[Function]}
                    onTouchMove={[Function]}
                    onTouchStart={[Function]}
                    role="button"
                    tabIndex={0}
                  >
                    <div
                      className="MuiListItemIcon-root"
                    >
                      <svg
                        aria-hidden={true}
                        className="MuiSvgIcon-root MuiSvgIcon-colorPrimary"
                        focusable="false"
                        viewBox="0 0 24 24"
                      >
                        <path
                          d="M10.09 15.59L11.5 17l5-5-5-5-1.41 1.41L12.67 11H3v2h9.67l-2.58 2.59zM19 3H5c-1.11 0-2 .9-2 2v4h2V5h14v14H5v-4H3v4c0 1.1.89 2 2 2h14c1.1 0 2-.9 2-2V5c0-1.1-.9-2-2-2z"
                        />
                      </svg>
                    </div>
                    <div
                      className="MuiListItemText-root"
                    >
                      <span
                        className="MuiTypography-root MuiListItemText-primary MuiTypography-body1 MuiTypography-displayBlock"
                      >
                        Salir
                      </span>
                    </div>
                    <span
                      className="MuiTouchRipple-root"
                    />
                  </div>
                </ul>
              </div>
            </div>,
            <div
              data-test="sentinelEnd"
              tabIndex={0}
            />,
          ]
        </div>
      </Portal>
    </div>
    <div
      className="PrivateHiddenCss-smDown-16"
    >
      <div
        className="MuiDrawer-root MuiDrawer-docked makeStyles-drawer-3"
      >
        <div
          className="MuiPaper-root MuiDrawer-paper makeStyles-drawerPaper-4 MuiDrawer-paperAnchorLeft MuiDrawer-paperAnchorDockedLeft MuiPaper-elevation0"
        >
          <div
            className="MuiToolbar-root MuiToolbar-regular MuiToolbar-gutters"
          />
          <div
            className="makeStyles-drawerContainer-5"
          >
            <form
              className="makeStyles-titleForm-10"
              onSubmit={[Function]}
            >
              <div
                className="MuiFormControl-root MuiTextField-root MuiFormControl-marginDense MuiFormControl-fullWidth"
              >
                <label
                  className="MuiFormLabel-root MuiInputLabel-root MuiInputLabel-formControl MuiInputLabel-animated MuiInputLabel-shrink MuiInputLabel-marginDense MuiFormLabel-filled"
                  data-shrink={true}
                >
                  Cambiar nombre del documento
                </label>
                <div
                  className="MuiInputBase-root MuiInput-root MuiInput-underline MuiInputBase-fullWidth MuiInput-fullWidth MuiInputBase-formControl MuiInput-formControl MuiInputBase-adornedEnd MuiInputBase-marginDense MuiInput-marginDense"
                  onClick={[Function]}
                >
                  <input
                    aria-invalid={false}
                    autoFocus={false}
                    className="MuiInputBase-input MuiInput-input MuiInputBase-inputAdornedEnd MuiInputBase-inputMarginDense MuiInput-inputMarginDense"
                    disabled={false}
                    name="title"
                    onAnimationStart={[Function]}
                    onBlur={[Function]}
                    onChange={[Function]}
                    onFocus={[Function]}
                    placeholder="Ingrese un nuevo nombre"
                    required={false}
                    type="text"
                    value="Testo de prueba"
                  />
                  <div
                    className="MuiInputAdornment-root MuiInputAdornment-positionEnd MuiInputAdornment-marginDense"
                  >
                    <button
                      className="MuiButtonBase-root MuiIconButton-root"
                      disabled={false}
                      onBlur={[Function]}
                      onDragLeave={[Function]}
                      onFocus={[Function]}
                      onKeyDown={[Function]}
                      onKeyUp={[Function]}
                      onMouseDown={[Function]}
                      onMouseLeave={[Function]}
                      onMouseUp={[Function]}
                      onTouchEnd={[Function]}
                      onTouchMove={[Function]}
                      onTouchStart={[Function]}
                      tabIndex={0}
                      type="submit"
                    >
                      <span
                        className="MuiIconButton-label"
                      >
                        <svg
                          aria-hidden={true}
                          className="MuiSvgIcon-root MuiSvgIcon-colorPrimary"
                          focusable="false"
                          viewBox="0 0 24 24"
                        >
                          <path
                            d="M5 5v14h14V7.83L16.17 5H5zm7 13c-1.66 0-3-1.34-3-3s1.34-3 3-3 3 1.34 3 3-1.34 3-3 3zm3-8H6V6h9v4z"
                            opacity=".3"
                          />
                          <path
                            d="M17 3H5c-1.11 0-2 .9-2 2v14c0 1.1.89 2 2 2h14c1.1 0 2-.9 2-2V7l-4-4zm2 16H5V5h11.17L19 7.83V19zm-7-7c-1.66 0-3 1.34-3 3s1.34 3 3 3 3-1.34 3-3-1.34-3-3-3zM6 6h9v4H6z"
                          />
                        </svg>
                      </span>
                      <span
                        className="MuiTouchRipple-root"
                      />
                    </button>
                  </div>
                </div>
              </div>
            </form>
            <ul
              className="MuiList-root makeStyles-drawerMenu-6 MuiList-padding"
            >
              <li
                className="MuiListSubheader-root MuiListSubheader-sticky MuiListSubheader-gutters"
              >
                Campos del Documento
              </li>
              <div
                aria-disabled={false}
                className="MuiButtonBase-root MuiListItem-root id-field-text MuiListItem-gutters MuiListItem-button"
                onBlur={[Function]}
                onClick={[Function]}
                onDragLeave={[Function]}
                onFocus={[Function]}
                onKeyDown={[Function]}
                onKeyUp={[Function]}
                onMouseDown={[Function]}
                onMouseLeave={[Function]}
                onMouseUp={[Function]}
                onTouchEnd={[Function]}
                onTouchMove={[Function]}
                onTouchStart={[Function]}
                role="button"
                tabIndex={0}
              >
                <div
                  className="MuiListItemIcon-root"
                >
                  <svg
                    aria-hidden={true}
                    className="MuiSvgIcon-root MuiSvgIcon-colorPrimary"
                    focusable="false"
                    viewBox="0 0 24 24"
                  >
                    <path
                      d="M12.5 12h3v7h3v-7h3V9h-9zm3-8h-13v3h5v12h3V7h5z"
                    />
                  </svg>
                </div>
                <div
                  className="MuiListItemText-root"
                >
                  <span
                    className="MuiTypography-root MuiListItemText-primary MuiTypography-body1 MuiTypography-displayBlock"
                  >
                    Campo de Texto
                  </span>
                </div>
                <span
                  className="MuiTouchRipple-root"
                />
              </div>
              <div
                aria-disabled={false}
                className="MuiButtonBase-root MuiListItem-root MuiListItem-gutters MuiListItem-button"
                onBlur={[Function]}
                onClick={[Function]}
                onDragLeave={[Function]}
                onFocus={[Function]}
                onKeyDown={[Function]}
                onKeyUp={[Function]}
                onMouseDown={[Function]}
                onMouseLeave={[Function]}
                onMouseUp={[Function]}
                onTouchEnd={[Function]}
                onTouchMove={[Function]}
                onTouchStart={[Function]}
                role="button"
                tabIndex={0}
              >
                <div
                  className="MuiListItemIcon-root"
                >
                  <svg
                    aria-hidden={true}
                    className="MuiSvgIcon-root MuiSvgIcon-colorPrimary"
                    focusable="false"
                    viewBox="0 0 24 24"
                  >
                    <path
                      d="M19 13H5v-2h14v2z"
                    />
                  </svg>
                </div>
                <div
                  className="MuiListItemText-root"
                >
                  <span
                    className="MuiTypography-root MuiListItemText-primary MuiTypography-body1 MuiTypography-displayBlock"
                  >
                    Divisor
                  </span>
                </div>
                <span
                  className="MuiTouchRipple-root"
                />
              </div>
              <div
                aria-disabled={false}
                className="MuiButtonBase-root MuiListItem-root MuiListItem-gutters MuiListItem-button"
                onBlur={[Function]}
                onClick={[Function]}
                onDragLeave={[Function]}
                onFocus={[Function]}
                onKeyDown={[Function]}
                onKeyUp={[Function]}
                onMouseDown={[Function]}
                onMouseLeave={[Function]}
                onMouseUp={[Function]}
                onTouchEnd={[Function]}
                onTouchMove={[Function]}
                onTouchStart={[Function]}
                role="button"
                tabIndex={0}
              >
                <div
                  className="MuiListItemIcon-root"
                >
                  <svg
                    aria-hidden={true}
                    className="MuiSvgIcon-root MuiSvgIcon-colorPrimary"
                    focusable="false"
                    viewBox="0 0 24 24"
                  >
                    <path
                      d="M10 10.02h5V21h-5zM17 21h3c1.1 0 2-.9 2-2v-9h-5v11zm3-18H5c-1.1 0-2 .9-2 2v3h19V5c0-1.1-.9-2-2-2zM3 19c0 1.1.9 2 2 2h3V10H3v9z"
                    />
                  </svg>
                </div>
                <div
                  className="MuiListItemText-root"
                >
                  <span
                    className="MuiTypography-root MuiListItemText-primary MuiTypography-body1 MuiTypography-displayBlock"
                  >
                    Tabla
                  </span>
                </div>
                <span
                  className="MuiTouchRipple-root"
                />
              </div>
              <div
                aria-disabled={false}
                className="MuiButtonBase-root MuiListItem-root MuiListItem-gutters MuiListItem-button"
                onBlur={[Function]}
                onClick={[Function]}
                onDragLeave={[Function]}
                onFocus={[Function]}
                onKeyDown={[Function]}
                onKeyUp={[Function]}
                onMouseDown={[Function]}
                onMouseLeave={[Function]}
                onMouseUp={[Function]}
                onTouchEnd={[Function]}
                onTouchMove={[Function]}
                onTouchStart={[Function]}
                role="button"
                tabIndex={0}
              >
                <div
                  className="MuiListItemIcon-root"
                >
                  <svg
                    aria-hidden={true}
                    className="MuiSvgIcon-root MuiSvgIcon-colorPrimary"
                    focusable="false"
                    viewBox="0 0 24 24"
                  >
                    <path
                      d="M5 19h14V5H5v14zm6-12h6v2h-6V7zm0 4h6v2h-6v-2zm0 4h6v2h-6v-2zM7 7h2v2H7V7zm0 4h2v2H7v-2zm0 4h2v2H7v-2z"
                      opacity=".3"
                    />
                    <path
                      d="M11 7h6v2h-6zm0 4h6v2h-6zm0 4h6v2h-6zM7 7h2v2H7zm0 4h2v2H7zm0 4h2v2H7zM20.1 3H3.9c-.5 0-.9.4-.9.9v16.2c0 .4.4.9.9.9h16.2c.4 0 .9-.5.9-.9V3.9c0-.5-.5-.9-.9-.9zM19 19H5V5h14v14z"
                    />
                  </svg>
                </div>
                <div
                  className="MuiListItemText-root"
                >
                  <span
                    className="MuiTypography-root MuiListItemText-primary MuiTypography-body1 MuiTypography-displayBlock"
                  >
                    Lista
                  </span>
                </div>
                <span
                  className="MuiTouchRipple-root"
                />
              </div>
              <div
                aria-disabled={false}
                className="MuiButtonBase-root MuiListItem-root MuiListItem-gutters MuiListItem-button"
                onBlur={[Function]}
                onClick={[Function]}
                onDragLeave={[Function]}
                onFocus={[Function]}
                onKeyDown={[Function]}
                onKeyUp={[Function]}
                onMouseDown={[Function]}
                onMouseLeave={[Function]}
                onMouseUp={[Function]}
                onTouchEnd={[Function]}
                onTouchMove={[Function]}
                onTouchStart={[Function]}
                role="button"
                tabIndex={0}
              >
                <div
                  className="MuiListItemIcon-root"
                >
                  <svg
                    aria-hidden={true}
                    className="MuiSvgIcon-root MuiSvgIcon-colorPrimary"
                    focusable="false"
                    viewBox="0 0 24 24"
                  >
                    <path
                      d="M5 19h14V5H5v14zm4-5.86l2.14 2.58 3-3.87L18 17H6l3-3.86z"
                      opacity=".3"
                    />
                    <path
                      d="M19 3H5c-1.1 0-2 .9-2 2v14c0 1.1.9 2 2 2h14c1.1 0 2-.9 2-2V5c0-1.1-.9-2-2-2zm0 16H5V5h14v14zm-4.86-7.14l-3 3.86L9 13.14 6 17h12z"
                    />
                  </svg>
                </div>
                <div
                  className="MuiListItemText-root"
                >
                  <span
                    className="MuiTypography-root MuiListItemText-primary MuiTypography-body1 MuiTypography-displayBlock"
                  >
                    Imagen
                  </span>
                </div>
                <span
                  className="MuiTouchRipple-root"
                />
              </div>
              <div
                aria-disabled={false}
                className="MuiButtonBase-root MuiListItem-root MuiListItem-gutters MuiListItem-button"
                onBlur={[Function]}
                onClick={[Function]}
                onDragLeave={[Function]}
                onFocus={[Function]}
                onKeyDown={[Function]}
                onKeyUp={[Function]}
                onMouseDown={[Function]}
                onMouseLeave={[Function]}
                onMouseUp={[Function]}
                onTouchEnd={[Function]}
                onTouchMove={[Function]}
                onTouchStart={[Function]}
                role="button"
                tabIndex={0}
              >
                <div
                  className="MuiListItemIcon-root"
                >
                  <svg
                    aria-hidden={true}
                    className="MuiSvgIcon-root MuiSvgIcon-colorPrimary"
                    focusable="false"
                    viewBox="0 0 24 24"
                  >
                    <path
                      d="M11 13h9v4h-9zm-6 0h4v4H5zm0-6h15v4H5z"
                      opacity=".3"
                    />
                    <path
                      d="M3 5v14h19V5H3zm6 12H5v-4h4v4zm11 0h-9v-4h9v4zm0-6H5V7h15v4z"
                    />
                  </svg>
                </div>
                <div
                  className="MuiListItemText-root"
                >
                  <span
                    className="MuiTypography-root MuiListItemText-primary MuiTypography-body1 MuiTypography-displayBlock"
                  >
                    Sección
                  </span>
                </div>
                <span
                  className="MuiTouchRipple-root"
                />
              </div>
              <div
                aria-disabled={false}
                className="MuiButtonBase-root MuiListItem-root MuiListItem-gutters MuiListItem-button"
                onBlur={[Function]}
                onClick={[Function]}
                onDragLeave={[Function]}
                onFocus={[Function]}
                onKeyDown={[Function]}
                onKeyUp={[Function]}
                onMouseDown={[Function]}
                onMouseLeave={[Function]}
                onMouseUp={[Function]}
                onTouchEnd={[Function]}
                onTouchMove={[Function]}
                onTouchStart={[Function]}
                role="button"
                tabIndex={0}
              >
                <div
                  className="MuiListItemIcon-root"
                >
                  <svg
                    aria-hidden={true}
                    className="MuiSvgIcon-root MuiSvgIcon-colorPrimary"
                    focusable="false"
                    viewBox="0 0 24 24"
                  >
                    <path
                      d="M19 5H5v14h14V5zM9 17H7v-7h2v7zm4 0h-2V7h2v10zm4 0h-2v-4h2v4z"
                      opacity=".3"
                    />
                    <path
                      d="M3 5v14c0 1.1.9 2 2 2h14c1.1 0 2-.9 2-2V5c0-1.1-.9-2-2-2H5c-1.1 0-2 .9-2 2zm2 0h14v14H5V5zm2 5h2v7H7zm4-3h2v10h-2zm4 6h2v4h-2z"
                    />
                  </svg>
                </div>
                <div
                  className="MuiListItemText-root"
                >
                  <span
                    className="MuiTypography-root MuiListItemText-primary MuiTypography-body1 MuiTypography-displayBlock"
                  >
                    Gráfico
                  </span>
                </div>
                <span
                  className="MuiTouchRipple-root"
                />
              </div>
              <div
                aria-disabled={false}
                className="MuiButtonBase-root MuiListItem-root MuiListItem-gutters MuiListItem-button"
                onBlur={[Function]}
                onClick={[Function]}
                onDragLeave={[Function]}
                onFocus={[Function]}
                onKeyDown={[Function]}
                onKeyUp={[Function]}
                onMouseDown={[Function]}
                onMouseLeave={[Function]}
                onMouseUp={[Function]}
                onTouchEnd={[Function]}
                onTouchMove={[Function]}
                onTouchStart={[Function]}
                role="button"
                tabIndex={0}
              >
                <div
                  className="MuiListItemIcon-root"
                >
                  <svg
                    aria-hidden={true}
                    className="MuiSvgIcon-root MuiSvgIcon-colorPrimary"
                    focusable="false"
                    viewBox="0 0 24 24"
                  >
                    <path
                      d="M3.9 12c0-1.71 1.39-3.1 3.1-3.1h4V7H7c-2.76 0-5 2.24-5 5s2.24 5 5 5h4v-1.9H7c-1.71 0-3.1-1.39-3.1-3.1zM8 13h8v-2H8v2zm9-6h-4v1.9h4c1.71 0 3.1 1.39 3.1 3.1s-1.39 3.1-3.1 3.1h-4V17h4c2.76 0 5-2.24 5-5s-2.24-5-5-5z"
                    />
                  </svg>
                </div>
                <div
                  className="MuiListItemText-root"
                >
                  <span
                    className="MuiTypography-root MuiListItemText-primary MuiTypography-body1 MuiTypography-displayBlock"
                  >
                    Referencia
                  </span>
                </div>
                <span
                  className="MuiTouchRipple-root"
                />
              </div>
              <div
                aria-disabled={false}
                className="MuiButtonBase-root MuiListItem-root MuiListItem-gutters MuiListItem-button"
                onBlur={[Function]}
                onClick={[Function]}
                onDragLeave={[Function]}
                onFocus={[Function]}
                onKeyDown={[Function]}
                onKeyUp={[Function]}
                onMouseDown={[Function]}
                onMouseLeave={[Function]}
                onMouseUp={[Function]}
                onTouchEnd={[Function]}
                onTouchMove={[Function]}
                onTouchStart={[Function]}
                role="button"
                tabIndex={0}
              >
                <div
                  className="MuiListItemIcon-root"
                >
                  <svg
                    aria-hidden={true}
                    className="MuiSvgIcon-root MuiSvgIcon-colorPrimary"
                    focusable="false"
                    viewBox="0 0 24 24"
                  >
                    <path
                      d="M11 13h9v4h-9zm-6 0h4v4H5zm0-6h15v4H5z"
                      opacity=".3"
                    />
                    <path
                      d="M3 5v14h19V5H3zm6 12H5v-4h4v4zm11 0h-9v-4h9v4zm0-6H5V7h15v4z"
                    />
                  </svg>
                </div>
                <div
                  className="MuiListItemText-root"
                >
                  <span
                    className="MuiTypography-root MuiListItemText-primary MuiTypography-body1 MuiTypography-displayBlock"
                  >
                    Carta
                  </span>
                </div>
                <span
                  className="MuiTouchRipple-root"
                />
              </div>
            </ul>
            <hr
              className="MuiDivider-root"
            />
            <ul
              className="MuiList-root MuiList-padding"
            >
              <li
                className="MuiListSubheader-root MuiListSubheader-sticky MuiListSubheader-gutters"
              >
                Opciones
              </li>
              <div
                aria-disabled={false}
                className="MuiButtonBase-root MuiListItem-root componente-onsave MuiListItem-gutters MuiListItem-button"
                onBlur={[Function]}
                onClick={[MockFunction]}
                onDragLeave={[Function]}
                onFocus={[Function]}
                onKeyDown={[Function]}
                onKeyUp={[Function]}
                onMouseDown={[Function]}
                onMouseLeave={[Function]}
                onMouseUp={[Function]}
                onTouchEnd={[Function]}
                onTouchMove={[Function]}
                onTouchStart={[Function]}
                role="button"
                tabIndex={0}
              >
                <div
                  className="MuiListItemIcon-root"
                >
                  <svg
                    aria-hidden={true}
                    className="MuiSvgIcon-root MuiSvgIcon-colorPrimary"
                    focusable="false"
                    viewBox="0 0 24 24"
                  >
                    <path
                      d="M5 5v14h14V7.83L16.17 5H5zm7 13c-1.66 0-3-1.34-3-3s1.34-3 3-3 3 1.34 3 3-1.34 3-3 3zm3-8H6V6h9v4z"
                      opacity=".3"
                    />
                    <path
                      d="M17 3H5c-1.11 0-2 .9-2 2v14c0 1.1.89 2 2 2h14c1.1 0 2-.9 2-2V7l-4-4zm2 16H5V5h11.17L19 7.83V19zm-7-7c-1.66 0-3 1.34-3 3s1.34 3 3 3 3-1.34 3-3-1.34-3-3-3zM6 6h9v4H6z"
                    />
                  </svg>
                </div>
                <div
                  className="MuiListItemText-root"
                >
                  <span
                    className="MuiTypography-root MuiListItemText-primary MuiTypography-body1 MuiTypography-displayBlock"
                  >
                    Guardar
                  </span>
                </div>
                <span
                  className="MuiTouchRipple-root"
                />
              </div>
              <div
                aria-disabled={false}
                className="MuiButtonBase-root MuiListItem-root MuiListItem-gutters MuiListItem-button"
                onBlur={[Function]}
                onClick={[Function]}
                onDragLeave={[Function]}
                onFocus={[Function]}
                onKeyDown={[Function]}
                onKeyUp={[Function]}
                onMouseDown={[Function]}
                onMouseLeave={[Function]}
                onMouseUp={[Function]}
                onTouchEnd={[Function]}
                onTouchMove={[Function]}
                onTouchStart={[Function]}
                role="button"
                tabIndex={0}
              >
                <div
                  className="MuiListItemIcon-root"
                >
                  <svg
                    aria-hidden={true}
                    className="MuiSvgIcon-root MuiSvgIcon-colorPrimary"
                    focusable="false"
                    viewBox="0 0 24 24"
                  >
                    <path
                      d="M10.09 15.59L11.5 17l5-5-5-5-1.41 1.41L12.67 11H3v2h9.67l-2.58 2.59zM19 3H5c-1.11 0-2 .9-2 2v4h2V5h14v14H5v-4H3v4c0 1.1.89 2 2 2h14c1.1 0 2-.9 2-2V5c0-1.1-.9-2-2-2z"
                    />
                  </svg>
                </div>
                <div
                  className="MuiListItemText-root"
                >
                  <span
                    className="MuiTypography-root MuiListItemText-primary MuiTypography-body1 MuiTypography-displayBlock"
                  >
                    Salir
                  </span>
                </div>
                <span
                  className="MuiTouchRipple-root"
                />
              </div>
            </ul>
          </div>
        </div>
      </div>
    </div>
  </nav>
  <main
    className="makeStyles-content-9"
  >
    <div
      className="makeStyles-toolbar-8"
    />
    <p>
      <b>
        Testing
      </b>
       Pruebas
    </p>
  </main>
</div>
`;
