// Jest Snapshot v1, https://goo.gl/fbAQLP

exports[`Pruebas en <DividerLine/> debe mostrarse correctamente 1`] = `
Array [
  "",
  Array [
    <div
      aria-describedby={null}
      className=" css-10z2yyl-ColorDivider esb0tnc0"
      id="divider-id"
      onBlur={[Function]}
      onClick={[Function]}
      onFocus={[Function]}
      onMouseLeave={[Function]}
      onMouseOver={[Function]}
      onTouchEnd={[Function]}
      onTouchStart={[Function]}
      title="Click para Eliminar"
    >
      <span
        className="dragger"
      >
        <svg
          aria-hidden={true}
          className="MuiSvgIcon-root MuiSvgIcon-fontSizeSmall"
          focusable="false"
          style={
            Object {
              "fill": "#9e9e9e",
            }
          }
          viewBox="0 0 24 24"
        >
          <path
            d="M20 9H4v2h16V9zM4 15h16v-2H4v2z"
          />
        </svg>
      </span>
      <hr
        className="MuiDivider-root MuiDivider-middle"
      />
    </div>,
    "",
  ],
]
`;
