// Jest Snapshot v1, https://goo.gl/fbAQLP

exports[`Pruebas en <AlertMessage/> debe mostrarse correctamente 1`] = `
<div
  className="MuiSnackbar-root MuiSnackbar-anchorOriginBottomCenter"
  onClick={[Function]}
  onMouseEnter={[Function]}
  onMouseLeave={[Function]}
  onTouchEnd={[Function]}
>
  <div
    className="MuiPaper-root MuiSnackbarContent-root MuiPaper-elevation6"
    direction="up"
    role="alert"
    style={
      Object {
        "opacity": 1,
        "transform": "scale(1, 1)",
        "visibility": undefined,
      }
    }
  >
    <div
      className="MuiSnackbarContent-message makeStyles-message-2"
    >
      Texto de prueba
    </div>
    <div
      className="MuiSnackbarContent-action"
    >
      <button
        className="MuiButtonBase-root MuiIconButton-root MuiIconButton-colorInherit MuiIconButton-sizeSmall"
        disabled={false}
        onBlur={[Function]}
        onClick={[MockFunction]}
        onDragLeave={[Function]}
        onFocus={[Function]}
        onKeyDown={[Function]}
        onKeyUp={[Function]}
        onMouseDown={[Function]}
        onMouseLeave={[Function]}
        onMouseUp={[Function]}
        onTouchEnd={[Function]}
        onTouchMove={[Function]}
        onTouchStart={[Function]}
        tabIndex={0}
        type="button"
      >
        <span
          className="MuiIconButton-label"
        >
          <svg
            aria-hidden={true}
            className="MuiSvgIcon-root MuiSvgIcon-fontSizeSmall"
            focusable="false"
            viewBox="0 0 24 24"
          >
            <path
              d="M19 6.41L17.59 5 12 10.59 6.41 5 5 6.41 10.59 12 5 17.59 6.41 19 12 13.41 17.59 19 19 17.59 13.41 12z"
            />
          </svg>
        </span>
        <span
          className="MuiTouchRipple-root"
        />
      </button>
    </div>
  </div>
</div>
`;
